[16:47:12] ⚠️ Lỗi đọc file state: Expecting value: line 1 column 1 (char 0)
[16:47:12] ⚠️ Phát hiện Bot Thread bị dừng. Đang khởi động lại...
[16:47:12] Thiết lập đòn bẩy và margin...
[16:47:13] Đang tải dữ liệu lịch sử klines...
[16:47:14] ✅ Đã kết nối WebSocket & User Data Stream thành công!
[16:47:27] 🚀 ĐANG MỞ LONG - Đợi khớp lệnh...
[16:47:28] ✅ ĐÃ MỞ LONG | KL: 5.023 | Phí: 4.6504 USDT
[16:47:41] 🚀 ĐANG MỞ LONG - Đợi khớp lệnh...
[16:47:41] ✅ ĐÃ MỞ LONG | KL: 5.007 | Phí: 4.6353 USDT
[16:52:31] ✅ Đã khôi phục trạng thái bot_state.json!
[16:52:31] ⚠️ Phát hiện Bot Thread bị dừng. Đang khởi động lại...
[16:52:31] Thiết lập đòn bẩy và margin...
[16:52:33] Đang tải dữ liệu lịch sử klines...
[16:52:35] ✅ Đã kết nối WebSocket & User Data Stream thành công!
[16:52:40] 🚀 ĐANG MỞ LONG - Đợi khớp lệnh...
[16:52:41] ✅ ĐÃ MỞ LONG | KL: 5.001 | Phí: 4.6335 USDT
[17:01:08] 🚀 ĐANG MỞ LONG - Đợi khớp lệnh...
[17:01:09] ✅ ĐÃ MỞ LONG | KL: 4.98 | Phí: 4.6126 USDT
[17:01:53] 🚀 ĐANG MỞ LONG - Đợi khớp lệnh...
[17:01:55] ✅ ĐÃ MỞ LONG | KL: 4.958 | Phí: 4.5922 USDT
[17:02:47] 🚀 ĐANG MỞ LONG - Đợi khớp lệnh...
[17:02:48] ⚠️ Lỗi API (Lần 1/3): APIError(code=-2019): Margin is insufficient.
[17:02:50] ⚠️ Lỗi API (Lần 2/3): APIError(code=-2019): Margin is insufficient.
[17:02:52] ⚠️ Lỗi API (Lần 3/3): APIError(code=-2019): Margin is insufficient.
[17:02:52] API thất bại hoàn toàn sau 3 lần thử: APIError(code=-2019): Margin is insufficient.
[17:02:52] ⚠️ Không tạo được lệnh.
[17:02:55] 🚀 ĐANG MỞ LONG - Đợi khớp lệnh...
[17:02:56] ✅ ĐÃ MỞ LONG | KL: 4.903 | Phí: 4.5386 USDT
[17:03:19] 🚀 ĐANG MỞ LONG - Đợi khớp lệnh...
[17:03:20] ✅ ĐÃ MỞ LONG | KL: 4.887 | Phí: 4.5236 USDT
[09:23:16] ✅ Đã khôi phục trạng thái bot_state.json!
[09:23:16] ⚠️ Phát hiện Bot Thread bị dừng. Đang khởi động lại...
[09:23:16] Thiết lập đòn bẩy và margin...
[09:23:17] Đang tải dữ liệu lịch sử klines...
[09:23:18] ✅ Đã kết nối WebSocket & User Data Stream thành công!
[09:26:03] 🚨 KILL SWITCH ĐÃ ĐÓNG VỊ THẾ HIỆN TẠI THÀNH CÔNG!
[09:26:03] 🚨 KILL SWITCH: BẬT
[09:26:14] 🚨 KILL SWITCH: TẮT
[09:26:19] 🚀 ĐANG MỞ LONG - Đợi khớp lệnh...
[09:26:19] ✅ ĐÃ MỞ LONG | KL: 4.324 | Phí: 4.0960 USDT
[09:26:26] 🚀 ĐANG MỞ LONG - Đợi khớp lệnh...
[09:26:26] ✅ ĐÃ MỞ LONG | KL: 4.268 | Phí: 4.0430 USDT
[09:26:31] 🚀 ĐANG MỞ LONG - Đợi khớp lệnh...
[09:26:31] ✅ ĐÃ MỞ LONG | KL: 4.207 | Phí: 3.9851 USDT
[09:32:30] ✅ Đã khôi phục trạng thái bot_state.json!
[09:32:30] ⚠️ Phát hiện Bot Thread bị dừng. Đang khởi động lại...
[09:32:30] Thiết lập đòn bẩy và margin...
[09:32:31] Đang tải dữ liệu lịch sử klines...
[09:32:33] ✅ Đã kết nối WebSocket & User Data Stream thành công!
[09:32:44] 🚀 ĐANG MỞ LONG - Đợi khớp lệnh...
[09:32:45] ✅ ĐÃ MỞ LONG | KL: 4.189 | Phí: 3.9684 USDT
[09:38:10] ✅ Đã khôi phục trạng thái bot_state.json!
[09:38:10] ⚠️ Phát hiện Bot Thread bị dừng. Đang khởi động lại...
[09:38:10] Thiết lập đòn bẩy và margin...
[09:45:28] ✅ Đã khôi phục trạng thái bot_state.json!
[09:45:28] ⚠️ Phát hiện Bot Thread bị dừng. Đang khởi động lại...
[09:45:28] Thiết lập đòn bẩy và margin...
[09:45:31] Đang tải dữ liệu lịch sử klines...
[09:45:34] ✅ Đã kết nối WebSocket & User Data Stream thành công!
[19:53:25] ✅ Đã khôi phục trạng thái bot_state.json!
[19:53:25] ⚠️ Phát hiện Bot Thread bị dừng. Đang khởi động lại...
[19:53:25] Thiết lập đòn bẩy và margin...
[19:53:27] Đang tải dữ liệu lịch sử klines...
[19:53:29] ✅ Đã kết nối WebSocket & User Data Stream thành công!
[20:07:57] ✅ Đã khôi phục trạng thái bot_state.json!
[20:07:57] ⚠️ Phát hiện Bot Thread bị dừng. Đang khởi động lại...
[20:07:57] Thiết lập đòn bẩy và margin...
[20:08:09] ⚠️ Lỗi API (Lần 1/3): HTTPSConnectionPool(host='testnet.binancefuture.com', port=443): Read timed out. (read timeout=10)
[20:08:20] Đang tải dữ liệu lịch sử klines...
[20:08:23] ✅ Đã kết nối WebSocket & User Data Stream thành công!
[20:08:45] 🚨 KILL SWITCH Lỗi khi cố gắng đóng vị thế: APIError(code=-2022): ReduceOnly Order is rejected.
[20:08:45] 🚨 KILL SWITCH: BẬT
[20:09:37] 🚨 KILL SWITCH: TẮT
[20:10:12] 🚨 KILL SWITCH: BẬT
[20:10:20] 🚨 KILL SWITCH: TẮT
