[20:31:13] ⚠️ Phát hiện Bot Thread bị dừng. Đang khởi động lại...
[20:31:13] Thiết lập đòn bẩy và margin...
[20:31:14] Đang tải dữ liệu lịch sử klines...
[20:31:15] ✅ Đã kết nối WebSocket & User Data Stream thành công!
[20:31:15] 🚀 ĐANG MỞ LONG - Đợi khớp lệnh...
[20:31:16] ✅ ĐÃ MỞ LONG | KL: 8.099 | Phí: 7.5748 USDT
[20:31:20] ⚠️ Lỗi gửi Telegram: HTTPSConnectionPool(host='api.telegram.org', port=443): Read timed out. (read timeout=5)
[20:31:48] 🚀 ĐANG MỞ LONG - Đợi khớp lệnh...
[20:31:49] ✅ ĐÃ MỞ LONG | KL: 8.071 | Phí: 7.5481 USDT
[20:32:04] 🚀 ĐANG MỞ LONG - Đợi khớp lệnh...
[20:32:04] ✅ ĐÃ MỞ LONG | KL: 8.057 | Phí: 7.5387 USDT
[20:36:23] ✅ Đã khôi phục trạng thái bot_state.json!
[20:36:23] ⚠️ Phát hiện Bot Thread bị dừng. Đang khởi động lại...
[20:36:23] Thiết lập đòn bẩy và margin...
[20:36:24] Đang tải dữ liệu lịch sử klines...
[20:36:24] ✅ Đã kết nối WebSocket & User Data Stream thành công!
[20:40:37] ✅ Đã khôi phục trạng thái bot_state.json!
[20:40:37] ⚠️ Phát hiện Bot Thread bị dừng. Đang khởi động lại...
[20:40:37] Thiết lập đòn bẩy và margin...
[20:40:38] Đang tải dữ liệu lịch sử klines...
[20:40:39] ✅ Đã kết nối WebSocket & User Data Stream thành công!
